app/verify-code.tsx(110,17): error TS2353: Object literal may only specify known properties, and 'birthday' does not exist in type 'SignupPayload'.
app/verify-code.tsx(110,41): error TS2339: Property 'birthday' does not exist on type 'PendingSignup'.
